Ran all test suites.
