src/store/useStore.ts(191,17): error TS2353: Object literal may only specify known properties, and 'activeOrders' does not exist in type 'DashboardSummary'.
